C51 COMPILER V8.05a   SERIAL_PORT                                                          08/20/2013 15:15:42 PAGE 1   


C51 COMPILER V8.05a, COMPILATION OF MODULE SERIAL_PORT
OBJECT MODULE PLACED IN serial_port.OBJ
COMPILER INVOKED BY: d:\Keil\C51\BIN\C51.EXE serial_port.c BROWSE DEBUG OBJECTEXTEND

line level    source

   1          
   2          
   3          #include <at89c51xd2.h>
   4          
   5          //Transfer letter 'A' serially at 4800 baud rate continuously.
   6          //USe 8b data and 1 stop bit
   7          void main(void)
   8          {
   9   1      TMOD = 0x20; //Timer 1 in mode 2 8b auto reload
  10   1      TH1 = 0xFA;
  11   1      TR1 = 1;
  12   1      SCON = 0x40;
  13   1      while(1)
  14   1      {
  15   2      SBUF = 'A';
  16   2      while(TI == 0);
  17   2      TI=0;
  18   2      }
  19   1      
  20   1      }


MODULE INFORMATION:   STATIC OVERLAYABLE
   CODE SIZE        =     21    ----
   CONSTANT SIZE    =   ----    ----
   XDATA SIZE       =   ----    ----
   PDATA SIZE       =   ----    ----
   DATA SIZE        =   ----    ----
   IDATA SIZE       =   ----    ----
   BIT SIZE         =   ----    ----
END OF MODULE INFORMATION.


C51 COMPILATION COMPLETE.  0 WARNING(S),  0 ERROR(S)
